[0m[[0m[0mdebug[0m] [0m[0m> Exec(sbtStashOnFailure, None, None)[0m
[0m[[0m[0mdebug[0m] [0m[0m> Exec(sbtMapExec efa2f034-9ffe-4ddd-a6d0-647293996144 __fb62de95-7a8f-4140-98b4-46907acb43b2, None, None)[0m
[0m[[0m[0mdebug[0m] [0m[0m> Exec(run, Some(__fb62de95-7a8f-4140-98b4-46907acb43b2), Some(CommandSource(network-1)))[0m
[0m[[0m[0mdebug[0m] [0m[0munmatched Processing event for requestId Some(__fb62de95-7a8f-4140-98b4-46907acb43b2): None[0m
[0m[[0m[0mdebug[0m] [0m[0mEvaluating tasks: Compile / run[0m
[0m[[0m[0mdebug[0m] [0m[0mRunning task... Cancel: Signal, check cycles: false, forcegc: true[0m
[0m[[0m[0mdebug[0m] [0m[0mjsonRpcNotify: JsonRpcNotificationMessage(2.0, build/taskStart, {"taskId":{"id":"1","parents":[]},"eventTime":1788728463483,"message":"Compiling root","dataKind":"compile-task","data":{"target":{"uri":"file:/C:/Users/csama/OneDrive/Escritorio/Lenguaje%20de%20Programacion/Jonathan_chipana/semana02/Ejercicio02/#root/Compile"}}})[0m
[0m[[0m[0mdebug[0m] [0m[0mjsonRpcRequest: JsonRpcRequestMessage(2.0, 8631c108-4c42-4383-99bd-1a4930700211, sbt/terminalPropertiesQuery, ""})[0m
[0m[[0m[0minfo[0m] [0m[0mcompiling 1 Scala source to C:\Users\csama\OneDrive\Escritorio\Lenguaje de Programacion\Jonathan_chipana\semana02\Ejercicio02\target\out\jvm\scala-3.3.4\buscarproducto\classes ...[0m
[0m[[0m[0mdebug[0m] [0m[0mjsonRpcNotify: JsonRpcNotificationMessage(2.0, build/logMessage, {"type":3,"message":"compiling 1 Scala source to C:\\Users\\csama\\OneDrive\\Escritorio\\Lenguaje de Programacion\\Jonathan_chipana\\semana02\\Ejercicio02\\target\\out\\jvm\\scala-3.3.4\\buscarproducto\\classes ..."})[0m
[0m[[0m[0mdebug[0m] [0m[0mjsonRpcRequest: JsonRpcRequestMessage(2.0, ffdd7672-269d-493c-bc97-f82eed62eee9, sbt/terminalPropertiesQuery, ""})[0m
[0m[[0m[0mdebug[0m] [0m[0mjsonRpcRequest: JsonRpcRequestMessage(2.0, b6a2db21-4179-4c44-a9e3-88a6e5b25ca3, sbt/terminalPropertiesQuery, ""})[0m
[0m[[0m[0mdebug[0m] [0m[0mjsonRpcNotify: JsonRpcNotificationMessage(2.0, build/taskProgress, {"taskId":{"id":"1","parents":[]},"eventTime":1788728467597,"message":"Compiling root (20%)","total":30,"progress":20,"dataKind":"compile-progress","data":{"target":{"uri":"file:/C:/Users/csama/OneDrive/Escritorio/Lenguaje%20de%20Programacion/Jonathan_chipana/semana02/Ejercicio02/#root/Compile"}}})[0m
[0m[[0m[0mdebug[0m] [0m[0mjsonRpcNotify: JsonRpcNotificationMessage(2.0, build/taskProgress, {"taskId":{"id":"1","parents":[]},"eventTime":1788728467599,"message":"Compiling root (20%)","total":30,"progress":20,"dataKind":"compile-progress","data":{"target":{"uri":"file:/C:/Users/csama/OneDrive/Escritorio/Lenguaje%20de%20Programacion/Jonathan_chipana/semana02/Ejercicio02/#root/Compile"}}})[0m
[0m[[0m[0mdebug[0m] [0m[0mjsonRpcNotify: JsonRpcNotificationMessage(2.0, build/taskProgress, {"taskId":{"id":"1","parents":[]},"eventTime":1788728467600,"message":"Compiling root (20%)","total":29,"progress":20,"dataKind":"compile-progress","data":{"target":{"uri":"file:/C:/Users/csama/OneDrive/Escritorio/Lenguaje%20de%20Programacion/Jonathan_chipana/semana02/Ejercicio02/#root/Compile"}}})[0m
[0m[[0m[0mdebug[0m] [0m[0mjsonRpcNotify: JsonRpcNotificationMessage(2.0, build/taskProgress, {"taskId":{"id":"1","parents":[]},"eventTime":1788728467768,"message":"Compiling root (35%)","total":28,"progress":35,"dataKind":"compile-progress","data":{"target":{"uri":"file:/C:/Users/csama/OneDrive/Escritorio/Lenguaje%20de%20Programacion/Jonathan_chipana/semana02/Ejercicio02/#root/Compile"}}})[0m
[0m[[0m[0mdebug[0m] [0m[0mjsonRpcNotify: JsonRpcNotificationMessage(2.0, build/taskProgress, {"taskId":{"id":"1","parents":[]},"eventTime":1788728467769,"message":"Compiling root (35%)","total":28,"progress":35,"dataKind":"compile-progress","data":{"target":{"uri":"file:/C:/Users/csama/OneDrive/Escritorio/Lenguaje%20de%20Programacion/Jonathan_chipana/semana02/Ejercicio02/#root/Compile"}}})[0m
[0m[[0m[0mdebug[0m] [0m[0mjsonRpcNotify: JsonRpcNotificationMessage(2.0, build/taskProgress, {"taskId":{"id":"1","parents":[]},"eventTime":1788728467772,"message":"Compiling root (40%)","total":27,"progress":40,"dataKind":"compile-progress","data":{"target":{"uri":"file:/C:/Users/csama/OneDrive/Escritorio/Lenguaje%20de%20Programacion/Jonathan_chipana/semana02/Ejercicio02/#root/Compile"}}})[0m
[0m[[0m[0mdebug[0m] [0m[0mjsonRpcNotify: JsonRpcNotificationMessage(2.0, build/taskProgress, {"taskId":{"id":"1","parents":[]},"eventTime":1788728467831,"message":"Compiling root (55%)","total":27,"progress":55,"dataKind":"compile-progress","data":{"target":{"uri":"file:/C:/Users/csama/OneDrive/Escritorio/Lenguaje%20de%20Programacion/Jonathan_chipana/semana02/Ejercicio02/#root/Compile"}}})[0m
[0m[[0m[0mdebug[0m] [0m[0mjsonRpcNotify: JsonRpcNotificationMessage(2.0, build/taskProgress, {"taskId":{"id":"1","parents":[]},"eventTime":1788728467832,"message":"Compiling root (55%)","total":27,"progress":55,"dataKind":"compile-progress","data":{"target":{"uri":"file:/C:/Users/csama/OneDrive/Escritorio/Lenguaje%20de%20Programacion/Jonathan_chipana/semana02/Ejercicio02/#root/Compile"}}})[0m
[0m[[0m[0mdebug[0m] [0m[0mjsonRpcNotify: JsonRpcNotificationMessage(2.0, build/taskProgress, {"taskId":{"id":"1","parents":[]},"eventTime":1788728467901,"message":"Compiling root (65%)","total":26,"progress":65,"dataKind":"compile-progress","data":{"target":{"uri":"file:/C:/Users/csama/OneDrive/Escritorio/Lenguaje%20de%20Programacion/Jonathan_chipana/semana02/Ejercicio02/#root/Compile"}}})[0m
[0m[[0m[0mdebug[0m] [0m[0mjsonRpcNotify: JsonRpcNotificationMessage(2.0, build/taskProgress, {"taskId":{"id":"1","parents":[]},"eventTime":1788728467901,"message":"Compiling root (65%)","total":26,"progress":65,"dataKind":"compile-progress","data":{"target":{"uri":"file:/C:/Users/csama/OneDrive/Escritorio/Lenguaje%20de%20Programacion/Jonathan_chipana/semana02/Ejercicio02/#root/Compile"}}})[0m
[0m[[0m[0mdebug[0m] [0m[0mjsonRpcNotify: JsonRpcNotificationMessage(2.0, build/taskProgress, {"taskId":{"id":"1","parents":[]},"eventTime":1788728468438,"message":"Compiling root (80%)","total":26,"progress":80,"dataKind":"compile-progress","data":{"target":{"uri":"file:/C:/Users/csama/OneDrive/Escritorio/Lenguaje%20de%20Programacion/Jonathan_chipana/semana02/Ejercicio02/#root/Compile"}}})[0m
[0m[[0m[0mdebug[0m] [0m[0mjsonRpcNotify: JsonRpcNotificationMessage(2.0, build/taskProgress, {"taskId":{"id":"1","parents":[]},"eventTime":1788728468439,"message":"Compiling root (80%)","total":26,"progress":80,"dataKind":"compile-progress","data":{"target":{"uri":"file:/C:/Users/csama/OneDrive/Escritorio/Lenguaje%20de%20Programacion/Jonathan_chipana/semana02/Ejercicio02/#root/Compile"}}})[0m
[0m[[0m[0mdebug[0m] [0m[0mjsonRpcNotify: JsonRpcNotificationMessage(2.0, build/taskProgress, {"taskId":{"id":"1","parents":[]},"eventTime":1788728469227,"message":"Compiling root (100%)","total":26,"progress":100,"dataKind":"compile-progress","data":{"target":{"uri":"file:/C:/Users/csama/OneDrive/Escritorio/Lenguaje%20de%20Programacion/Jonathan_chipana/semana02/Ejercicio02/#root/Compile"}}})[0m
[0m[[0m[0mdebug[0m] [0m[0mjsonRpcRequest: JsonRpcRequestMessage(2.0, 5dc1c5f3-1e4a-4265-bf63-0dece03890e2, sbt/terminalPropertiesQuery, ""})[0m
[0m[[0m[0mdebug[0m] [0m[0mjsonRpcNotify: JsonRpcNotificationMessage(2.0, build/publishDiagnostics, {"textDocument":{"uri":"file:///C:/Users/csama/OneDrive/Escritorio/Lenguaje%20de%20Programacion/Jonathan_chipana/semana02/Ejercicio02/buscarProducto.scala"},"buildTarget":{"uri":"file:/C:/Users/csama/OneDrive/Escritorio/Lenguaje%20de%20Programacion/Jonathan_chipana/semana02/Ejercicio02/#root/Compile"},"diagnostics":[],"reset":true})[0m
[0m[[0m[0mdebug[0m] [0m[0mjsonRpcNotify: JsonRpcNotificationMessage(2.0, build/taskFinish, {"taskId":{"id":"1","parents":[]},"eventTime":1788728469473,"message":"Compiled root","status":1,"dataKind":"compile-report","data":{"target":{"uri":"file:/C:/Users/csama/OneDrive/Escritorio/Lenguaje%20de%20Programacion/Jonathan_chipana/semana02/Ejercicio02/#root/Compile"},"errors":0,"warnings":0,"time":5990,"noOp":false}})[0m
[0m[[0m[0mdebug[0m] [0m[0mjsonRpcNotify: JsonRpcNotificationMessage(2.0, sbt/clientJob, {"runInfo":{"jvm":true,"jvmRunInfo":{"args":[],"classpath":[{"path":"file:///C:/Users/csama/OneDrive/Escritorio/Lenguaje%20de%20Programacion/Jonathan_chipana/semana02/Ejercicio02/target/bg-jobs/sbt_1492da57/job-1/target/a86565c0/fd4a3eab/buscarproducto_3-0.1.0-SNAPSHOT.jar","digest":""},{"path":"file:///C:/Users/csama/OneDrive/Escritorio/Lenguaje%20de%20Programacion/Jonathan_chipana/semana02/Ejercicio02/target/bg-jobs/sbt_1492da57/target/eea1a5dc/2ec3246d/scala3-library_3-3.3.4.jar","digest":""},{"path":"file:///C:/Users/csama/OneDrive/Escritorio/Lenguaje%20de%20Programacion/Jonathan_chipana/semana02/Ejercicio02/target/bg-jobs/sbt_1492da57/target/87dcbb9f/d1ccc946/scala-library-2.13.14.jar","digest":""}],"mainClass":"buscarProducto","connectInput":true,"javaHome":"file:///C:/Program%20Files/Java/jdk-24","workingDirectory":"file:///C:/Users/csama/OneDrive/Escritorio/Lenguaje%20de%20Programacion/Jonathan_chipana/semana02/Ejercicio02","jvmOptions":[],"environmentVariables":{},"inputs":[],"outputs":[]},"windowTitle":"sbt run: buscarproducto % buscarProducto % 0.1.0-SNAPSHOT"}})[0m
[0m[[0m[0mdebug[0m] [0m[0m> Exec(sbtCompleteExec efa2f034-9ffe-4ddd-a6d0-647293996144, None, None)[0m
[0m[[0m[0mdebug[0m] [0m[0m> Exec(resumeFromFailure, None, None)[0m
[0m[[0m[0mdebug[0m] [0m[0m> Exec(sbtPopOnFailure, None, None)[0m
[0m[[0m[0mdebug[0m] [0m[0m> Exec(sbtReportResult efa2f034-9ffe-4ddd-a6d0-647293996144, Some(efa2f034-9ffe-4ddd-a6d0-647293996144), Some(CommandSource(network-1)))[0m
[0m[[0m[0mdebug[0m] [0m[0munmatched Processing event for requestId Some(efa2f034-9ffe-4ddd-a6d0-647293996144): None[0m
[0m[[0m[0mdebug[0m] [0m[0munmatched json response for requestId Some(efa2f034-9ffe-4ddd-a6d0-647293996144): {"status":"Done","channelName":"network-1","execId":"efa2f034-9ffe-4ddd-a6d0-647293996144","commandQueue":["shell"],"exitCode":0}[0m
[0m[[0m[0mdebug[0m] [0m[0m> Exec(shell, None, None)[0m
[0m[[0m[0mdebug[0m] [0m[0mjsonRpcRequest: JsonRpcRequestMessage(2.0, 92471fb7-29cf-4d0d-8522-fe94e26d0f23, sbt/getTerminalAttributes, {}})[0m
[0m[[0m[0mdebug[0m] [0m[0mjsonRpcRequest: JsonRpcRequestMessage(2.0, d8ded8f2-0a1e-4109-bf67-a9cf020210e8, sbt/terminalPropertiesQuery, ""})[0m
[0m[[0m[0mdebug[0m] [0m[0mjsonRpcRequest: JsonRpcRequestMessage(2.0, 651688b3-0fe1-414d-9e2d-98c69de1e5a6, sbt/terminalSetRawMode, {"toggle":true}})[0m
[0m[[0m[0mdebug[0m] [0m[0mjsonRpcRequest: JsonRpcRequestMessage(2.0, 68fa762f-303a-4f29-bec5-ddbf02a8734e, sbt/getTerminalAttributes, {}})[0m
[0m[[0m[0mdebug[0m] [0m[0mjsonRpcNotify: JsonRpcNotificationMessage(2.0, sbt/readSystemIn, "")[0m
[0m[[0m[0mdebug[0m] [0m[0mjsonRpcRequest: JsonRpcRequestMessage(2.0, b36a34a7-c5b0-421e-8767-cfde44e51eca, sbt/terminalSetRawMode, {"toggle":false}})[0m
