[0m[[0m[0mdebug[0m] [0m[0m> Exec(sbtStashOnFailure, None, None)[0m
[0m[[0m[0mdebug[0m] [0m[0m> Exec(sbtMapExec f4fadbd7-a03d-4dd0-8b89-4db232087554 __83016a70-27ef-4d53-b780-8e288426f2b5, None, None)[0m
[0m[[0m[0mdebug[0m] [0m[0m> Exec(run, Some(__83016a70-27ef-4d53-b780-8e288426f2b5), Some(CommandSource(network-1)))[0m
[0m[[0m[0mdebug[0m] [0m[0munmatched Processing event for requestId Some(__83016a70-27ef-4d53-b780-8e288426f2b5): None[0m
[0m[[0m[0mdebug[0m] [0m[0mEvaluating tasks: Compile / run[0m
[0m[[0m[0mdebug[0m] [0m[0mRunning task... Cancel: Signal, check cycles: false, forcegc: true[0m
[0m[[0m[0mdebug[0m] [0m[0mjsonRpcNotify: JsonRpcNotificationMessage(2.0, build/taskStart, {"taskId":{"id":"1","parents":[]},"eventTime":1788728597843,"message":"Compiling root","dataKind":"compile-task","data":{"target":{"uri":"file:/C:/Users/csama/OneDrive/Escritorio/Lenguaje%20de%20Programacion/Jonathan_chipana/semana02/Ejercico03/#root/Compile"}}})[0m
[0m[[0m[0mdebug[0m] [0m[0mjsonRpcRequest: JsonRpcRequestMessage(2.0, 16f8f787-7a95-4fbd-b590-492de02f5ecb, sbt/terminalPropertiesQuery, ""})[0m
[0m[[0m[0minfo[0m] [0m[0mcompiling 1 Scala source to C:\Users\csama\OneDrive\Escritorio\Lenguaje de Programacion\Jonathan_chipana\semana02\Ejercico03\target\out\jvm\scala-3.3.4\almacen\classes ...[0m
[0m[[0m[0mdebug[0m] [0m[0mjsonRpcNotify: JsonRpcNotificationMessage(2.0, build/logMessage, {"type":3,"message":"compiling 1 Scala source to C:\\Users\\csama\\OneDrive\\Escritorio\\Lenguaje de Programacion\\Jonathan_chipana\\semana02\\Ejercico03\\target\\out\\jvm\\scala-3.3.4\\almacen\\classes ..."})[0m
[0m[[0m[0mdebug[0m] [0m[0mjsonRpcRequest: JsonRpcRequestMessage(2.0, 19136fa2-ad44-4145-bf6e-aebde1de50f3, sbt/terminalPropertiesQuery, ""})[0m
[0m[[0m[0mdebug[0m] [0m[0mjsonRpcRequest: JsonRpcRequestMessage(2.0, 34754b41-ef7b-43f5-af67-54b55ae0aa12, sbt/terminalPropertiesQuery, ""})[0m
[0m[[0m[0mdebug[0m] [0m[0mjsonRpcNotify: JsonRpcNotificationMessage(2.0, build/taskProgress, {"taskId":{"id":"1","parents":[]},"eventTime":1788728602485,"message":"Compiling root (20%)","total":30,"progress":20,"dataKind":"compile-progress","data":{"target":{"uri":"file:/C:/Users/csama/OneDrive/Escritorio/Lenguaje%20de%20Programacion/Jonathan_chipana/semana02/Ejercico03/#root/Compile"}}})[0m
[0m[[0m[0mdebug[0m] [0m[0mjsonRpcNotify: JsonRpcNotificationMessage(2.0, build/taskProgress, {"taskId":{"id":"1","parents":[]},"eventTime":1788728602487,"message":"Compiling root (20%)","total":30,"progress":20,"dataKind":"compile-progress","data":{"target":{"uri":"file:/C:/Users/csama/OneDrive/Escritorio/Lenguaje%20de%20Programacion/Jonathan_chipana/semana02/Ejercico03/#root/Compile"}}})[0m
[0m[[0m[0mdebug[0m] [0m[0mjsonRpcNotify: JsonRpcNotificationMessage(2.0, build/taskProgress, {"taskId":{"id":"1","parents":[]},"eventTime":1788728602488,"message":"Compiling root (20%)","total":29,"progress":20,"dataKind":"compile-progress","data":{"target":{"uri":"file:/C:/Users/csama/OneDrive/Escritorio/Lenguaje%20de%20Programacion/Jonathan_chipana/semana02/Ejercico03/#root/Compile"}}})[0m
[0m[[0m[0mdebug[0m] [0m[0mjsonRpcNotify: JsonRpcNotificationMessage(2.0, build/taskProgress, {"taskId":{"id":"1","parents":[]},"eventTime":1788728602667,"message":"Compiling root (35%)","total":28,"progress":35,"dataKind":"compile-progress","data":{"target":{"uri":"file:/C:/Users/csama/OneDrive/Escritorio/Lenguaje%20de%20Programacion/Jonathan_chipana/semana02/Ejercico03/#root/Compile"}}})[0m
[0m[[0m[0mdebug[0m] [0m[0mjsonRpcNotify: JsonRpcNotificationMessage(2.0, build/taskProgress, {"taskId":{"id":"1","parents":[]},"eventTime":1788728602668,"message":"Compiling root (35%)","total":28,"progress":35,"dataKind":"compile-progress","data":{"target":{"uri":"file:/C:/Users/csama/OneDrive/Escritorio/Lenguaje%20de%20Programacion/Jonathan_chipana/semana02/Ejercico03/#root/Compile"}}})[0m
[0m[[0m[0mdebug[0m] [0m[0mjsonRpcNotify: JsonRpcNotificationMessage(2.0, build/taskProgress, {"taskId":{"id":"1","parents":[]},"eventTime":1788728602669,"message":"Compiling root (40%)","total":27,"progress":40,"dataKind":"compile-progress","data":{"target":{"uri":"file:/C:/Users/csama/OneDrive/Escritorio/Lenguaje%20de%20Programacion/Jonathan_chipana/semana02/Ejercico03/#root/Compile"}}})[0m
[0m[[0m[0mdebug[0m] [0m[0mjsonRpcNotify: JsonRpcNotificationMessage(2.0, build/taskProgress, {"taskId":{"id":"1","parents":[]},"eventTime":1788728602734,"message":"Compiling root (55%)","total":27,"progress":55,"dataKind":"compile-progress","data":{"target":{"uri":"file:/C:/Users/csama/OneDrive/Escritorio/Lenguaje%20de%20Programacion/Jonathan_chipana/semana02/Ejercico03/#root/Compile"}}})[0m
[0m[[0m[0mdebug[0m] [0m[0mjsonRpcNotify: JsonRpcNotificationMessage(2.0, build/taskProgress, {"taskId":{"id":"1","parents":[]},"eventTime":1788728602735,"message":"Compiling root (55%)","total":27,"progress":55,"dataKind":"compile-progress","data":{"target":{"uri":"file:/C:/Users/csama/OneDrive/Escritorio/Lenguaje%20de%20Programacion/Jonathan_chipana/semana02/Ejercico03/#root/Compile"}}})[0m
[0m[[0m[0mdebug[0m] [0m[0mjsonRpcNotify: JsonRpcNotificationMessage(2.0, build/taskProgress, {"taskId":{"id":"1","parents":[]},"eventTime":1788728602757,"message":"Compiling root (65%)","total":26,"progress":65,"dataKind":"compile-progress","data":{"target":{"uri":"file:/C:/Users/csama/OneDrive/Escritorio/Lenguaje%20de%20Programacion/Jonathan_chipana/semana02/Ejercico03/#root/Compile"}}})[0m
[0m[[0m[0mdebug[0m] [0m[0mjsonRpcNotify: JsonRpcNotificationMessage(2.0, build/taskProgress, {"taskId":{"id":"1","parents":[]},"eventTime":1788728602757,"message":"Compiling root (65%)","total":26,"progress":65,"dataKind":"compile-progress","data":{"target":{"uri":"file:/C:/Users/csama/OneDrive/Escritorio/Lenguaje%20de%20Programacion/Jonathan_chipana/semana02/Ejercico03/#root/Compile"}}})[0m
[0m[[0m[0mdebug[0m] [0m[0mjsonRpcNotify: JsonRpcNotificationMessage(2.0, build/taskProgress, {"taskId":{"id":"1","parents":[]},"eventTime":1788728603104,"message":"Compiling root (80%)","total":26,"progress":80,"dataKind":"compile-progress","data":{"target":{"uri":"file:/C:/Users/csama/OneDrive/Escritorio/Lenguaje%20de%20Programacion/Jonathan_chipana/semana02/Ejercico03/#root/Compile"}}})[0m
[0m[[0m[0mdebug[0m] [0m[0mjsonRpcNotify: JsonRpcNotificationMessage(2.0, build/taskProgress, {"taskId":{"id":"1","parents":[]},"eventTime":1788728603104,"message":"Compiling root (80%)","total":26,"progress":80,"dataKind":"compile-progress","data":{"target":{"uri":"file:/C:/Users/csama/OneDrive/Escritorio/Lenguaje%20de%20Programacion/Jonathan_chipana/semana02/Ejercico03/#root/Compile"}}})[0m
[0m[[0m[0mdebug[0m] [0m[0mjsonRpcRequest: JsonRpcRequestMessage(2.0, 492a82df-2a92-4c3c-94a7-0a2631b6f3bd, sbt/terminalPropertiesQuery, ""})[0m
[0m[[0m[0mdebug[0m] [0m[0mjsonRpcNotify: JsonRpcNotificationMessage(2.0, build/taskProgress, {"taskId":{"id":"1","parents":[]},"eventTime":1788728603972,"message":"Compiling root (100%)","total":26,"progress":100,"dataKind":"compile-progress","data":{"target":{"uri":"file:/C:/Users/csama/OneDrive/Escritorio/Lenguaje%20de%20Programacion/Jonathan_chipana/semana02/Ejercico03/#root/Compile"}}})[0m
[0m[[0m[0mdebug[0m] [0m[0mjsonRpcNotify: JsonRpcNotificationMessage(2.0, build/publishDiagnostics, {"textDocument":{"uri":"file:///C:/Users/csama/OneDrive/Escritorio/Lenguaje%20de%20Programacion/Jonathan_chipana/semana02/Ejercico03/almacen.scala"},"buildTarget":{"uri":"file:/C:/Users/csama/OneDrive/Escritorio/Lenguaje%20de%20Programacion/Jonathan_chipana/semana02/Ejercico03/#root/Compile"},"diagnostics":[],"reset":true})[0m
[0m[[0m[0mdebug[0m] [0m[0mjsonRpcNotify: JsonRpcNotificationMessage(2.0, build/taskFinish, {"taskId":{"id":"1","parents":[]},"eventTime":1788728604261,"message":"Compiled root","status":1,"dataKind":"compile-report","data":{"target":{"uri":"file:/C:/Users/csama/OneDrive/Escritorio/Lenguaje%20de%20Programacion/Jonathan_chipana/semana02/Ejercico03/#root/Compile"},"errors":0,"warnings":0,"time":6418,"noOp":false}})[0m
[0m[[0m[0mdebug[0m] [0m[0mjsonRpcRequest: JsonRpcRequestMessage(2.0, 50e959d1-3d9e-4786-a703-f3e6f984182d, sbt/terminalPropertiesQuery, ""})[0m
[0m[[0m[0mdebug[0m] [0m[0mjsonRpcNotify: JsonRpcNotificationMessage(2.0, sbt/clientJob, {"runInfo":{"jvm":true,"jvmRunInfo":{"args":[],"classpath":[{"path":"file:///C:/Users/csama/OneDrive/Escritorio/Lenguaje%20de%20Programacion/Jonathan_chipana/semana02/Ejercico03/target/bg-jobs/sbt_d41a3d0/job-1/target/4f7ec536/1c3be650/almacen_3-0.1.0-SNAPSHOT.jar","digest":""},{"path":"file:///C:/Users/csama/OneDrive/Escritorio/Lenguaje%20de%20Programacion/Jonathan_chipana/semana02/Ejercico03/target/bg-jobs/sbt_d41a3d0/target/eea1a5dc/2ec3246d/scala3-library_3-3.3.4.jar","digest":""},{"path":"file:///C:/Users/csama/OneDrive/Escritorio/Lenguaje%20de%20Programacion/Jonathan_chipana/semana02/Ejercico03/target/bg-jobs/sbt_d41a3d0/target/87dcbb9f/d1ccc946/scala-library-2.13.14.jar","digest":""}],"mainClass":"almacen","connectInput":true,"javaHome":"file:///C:/Program%20Files/Java/jdk-24","workingDirectory":"file:///C:/Users/csama/OneDrive/Escritorio/Lenguaje%20de%20Programacion/Jonathan_chipana/semana02/Ejercico03","jvmOptions":[],"environmentVariables":{},"inputs":[],"outputs":[]},"windowTitle":"sbt run: almacen % almacen % 0.1.0-SNAPSHOT"}})[0m
[0m[[0m[0mdebug[0m] [0m[0m> Exec(sbtCompleteExec f4fadbd7-a03d-4dd0-8b89-4db232087554, None, None)[0m
[0m[[0m[0mdebug[0m] [0m[0m> Exec(resumeFromFailure, None, None)[0m
[0m[[0m[0mdebug[0m] [0m[0m> Exec(sbtPopOnFailure, None, None)[0m
[0m[[0m[0mdebug[0m] [0m[0m> Exec(sbtReportResult f4fadbd7-a03d-4dd0-8b89-4db232087554, Some(f4fadbd7-a03d-4dd0-8b89-4db232087554), Some(CommandSource(network-1)))[0m
[0m[[0m[0mdebug[0m] [0m[0munmatched Processing event for requestId Some(f4fadbd7-a03d-4dd0-8b89-4db232087554): None[0m
[0m[[0m[0mdebug[0m] [0m[0munmatched json response for requestId Some(f4fadbd7-a03d-4dd0-8b89-4db232087554): {"status":"Done","channelName":"network-1","execId":"f4fadbd7-a03d-4dd0-8b89-4db232087554","commandQueue":["shell"],"exitCode":0}[0m
[0m[[0m[0mdebug[0m] [0m[0m> Exec(shell, None, None)[0m
[0m[[0m[0mdebug[0m] [0m[0mjsonRpcRequest: JsonRpcRequestMessage(2.0, 28ceab0c-dfe7-4380-90b5-c2e32f3db4d5, sbt/getTerminalAttributes, {}})[0m
[0m[[0m[0mdebug[0m] [0m[0mjsonRpcRequest: JsonRpcRequestMessage(2.0, 67697c5f-43d0-4c36-bac7-33c01408d6cd, sbt/terminalSetRawMode, {"toggle":true}})[0m
[0m[[0m[0mdebug[0m] [0m[0mjsonRpcRequest: JsonRpcRequestMessage(2.0, 4ffc38ad-15b4-48e2-a790-729297eb5445, sbt/getTerminalAttributes, {}})[0m
[0m[[0m[0mdebug[0m] [0m[0mjsonRpcNotify: JsonRpcNotificationMessage(2.0, sbt/readSystemIn, "")[0m
[0m[[0m[0mdebug[0m] [0m[0mForcing garbage collection...[0m
[0m[[0m[0mdebug[0m] [0m[0mjsonRpcRequest: JsonRpcRequestMessage(2.0, bfb63e47-2e86-4b45-9bc3-8faf96a609a4, sbt/terminalPropertiesQuery, ""})[0m
[0m[[0m[0mdebug[0m] [0m[0mjsonRpcNotify: JsonRpcNotificationMessage(2.0, sbt/readSystemIn, "")[0m
[0m[[0m[0mdebug[0m] [0m[0mjsonRpcNotify: JsonRpcNotificationMessage(2.0, sbt/readSystemIn, "")[0m
[0m[[0m[0mdebug[0m] [0m[0mjsonRpcNotify: JsonRpcNotificationMessage(2.0, sbt/readSystemIn, "")[0m
[0m[[0m[0mdebug[0m] [0m[0mjsonRpcNotify: JsonRpcNotificationMessage(2.0, sbt/readSystemIn, "")[0m
[0m[[0m[0mdebug[0m] [0m[0mjsonRpcRequest: JsonRpcRequestMessage(2.0, cdaafe69-9925-4c53-9351-815f0879e298, sbt/terminalSetRawMode, {"toggle":false}})[0m
