[0m[[0m[0mdebug[0m] [0m[0m> Exec(sbtStashOnFailure, None, None)[0m
[0m[[0m[0mdebug[0m] [0m[0m> Exec(sbtMapExec 3a471b54-88ad-4c57-8b9c-9c0c2b64562a __452d3811-f0e9-4fb2-9e3f-f203129061e3, None, None)[0m
[0m[[0m[0mdebug[0m] [0m[0m> Exec(run, Some(__452d3811-f0e9-4fb2-9e3f-f203129061e3), Some(CommandSource(network-3)))[0m
[0m[[0m[0mdebug[0m] [0m[0munmatched Processing event for requestId Some(__452d3811-f0e9-4fb2-9e3f-f203129061e3): None[0m
[0m[[0m[0mdebug[0m] [0m[0mEvaluating tasks: Compile / run[0m
[0m[[0m[0mdebug[0m] [0m[0mRunning task... Cancel: Signal, check cycles: false, forcegc: true[0m
[0m[[0m[0mdebug[0m] [0m[0mjsonRpcNotify: JsonRpcNotificationMessage(2.0, build/taskStart, {"taskId":{"id":"18","parents":[]},"eventTime":1788716064364,"message":"Compiling semana02","dataKind":"compile-task","data":{"target":{"uri":"file:/C:/Users/csama/OneDrive/Escritorio/Lenguaje%20de%20Programacion/Jonathan_chipana/semana02/#semana02/Compile"}}})[0m
[0m[[0m[0mdebug[0m] [0m[0mjsonRpcRequest: JsonRpcRequestMessage(2.0, 725ceb83-d134-4428-9a90-4527332b7af8, sbt/terminalPropertiesQuery, ""})[0m
[0m[[0m[0minfo[0m] [0m[0mcompiling 1 Scala source to C:\Users\csama\OneDrive\Escritorio\Lenguaje de Programacion\Jonathan_chipana\semana02\target\out\jvm\scala-3.8.4\semana02\classes ...[0m
[0m[[0m[0mdebug[0m] [0m[0mjsonRpcNotify: JsonRpcNotificationMessage(2.0, build/logMessage, {"type":3,"message":"compiling 1 Scala source to C:\\Users\\csama\\OneDrive\\Escritorio\\Lenguaje de Programacion\\Jonathan_chipana\\semana02\\target\\out\\jvm\\scala-3.8.4\\semana02\\classes ..."})[0m
[0m[[0m[0mdebug[0m] [0m[0mjsonRpcNotify: JsonRpcNotificationMessage(2.0, build/taskProgress, {"taskId":{"id":"18","parents":[]},"eventTime":1788716064544,"message":"Compiling semana02 (10%)","total":30,"progress":10,"dataKind":"compile-progress","data":{"target":{"uri":"file:/C:/Users/csama/OneDrive/Escritorio/Lenguaje%20de%20Programacion/Jonathan_chipana/semana02/#semana02/Compile"}}})[0m
[0m[[0m[0mdebug[0m] [0m[0mjsonRpcNotify: JsonRpcNotificationMessage(2.0, build/taskProgress, {"taskId":{"id":"18","parents":[]},"eventTime":1788716064544,"message":"Compiling semana02 (10%)","total":30,"progress":10,"dataKind":"compile-progress","data":{"target":{"uri":"file:/C:/Users/csama/OneDrive/Escritorio/Lenguaje%20de%20Programacion/Jonathan_chipana/semana02/#semana02/Compile"}}})[0m
[0m[[0m[0mdebug[0m] [0m[0mjsonRpcNotify: JsonRpcNotificationMessage(2.0, build/taskProgress, {"taskId":{"id":"18","parents":[]},"eventTime":1788716064546,"message":"Compiling semana02 (20%)","total":30,"progress":20,"dataKind":"compile-progress","data":{"target":{"uri":"file:/C:/Users/csama/OneDrive/Escritorio/Lenguaje%20de%20Programacion/Jonathan_chipana/semana02/#semana02/Compile"}}})[0m
[0m[[0m[0mdebug[0m] [0m[0mjsonRpcNotify: JsonRpcNotificationMessage(2.0, build/taskProgress, {"taskId":{"id":"18","parents":[]},"eventTime":1788716064546,"message":"Compiling semana02 (20%)","total":30,"progress":20,"dataKind":"compile-progress","data":{"target":{"uri":"file:/C:/Users/csama/OneDrive/Escritorio/Lenguaje%20de%20Programacion/Jonathan_chipana/semana02/#semana02/Compile"}}})[0m
[0m[[0m[0mdebug[0m] [0m[0mjsonRpcNotify: JsonRpcNotificationMessage(2.0, build/taskProgress, {"taskId":{"id":"18","parents":[]},"eventTime":1788716064547,"message":"Compiling semana02 (20%)","total":29,"progress":20,"dataKind":"compile-progress","data":{"target":{"uri":"file:/C:/Users/csama/OneDrive/Escritorio/Lenguaje%20de%20Programacion/Jonathan_chipana/semana02/#semana02/Compile"}}})[0m
[0m[[0m[0mdebug[0m] [0m[0mjsonRpcNotify: JsonRpcNotificationMessage(2.0, build/taskProgress, {"taskId":{"id":"18","parents":[]},"eventTime":1788716064571,"message":"Compiling semana02 (35%)","total":28,"progress":35,"dataKind":"compile-progress","data":{"target":{"uri":"file:/C:/Users/csama/OneDrive/Escritorio/Lenguaje%20de%20Programacion/Jonathan_chipana/semana02/#semana02/Compile"}}})[0m
[0m[[0m[0mdebug[0m] [0m[0mjsonRpcNotify: JsonRpcNotificationMessage(2.0, build/taskProgress, {"taskId":{"id":"18","parents":[]},"eventTime":1788716064572,"message":"Compiling semana02 (35%)","total":28,"progress":35,"dataKind":"compile-progress","data":{"target":{"uri":"file:/C:/Users/csama/OneDrive/Escritorio/Lenguaje%20de%20Programacion/Jonathan_chipana/semana02/#semana02/Compile"}}})[0m
[0m[[0m[0mdebug[0m] [0m[0mjsonRpcNotify: JsonRpcNotificationMessage(2.0, build/taskProgress, {"taskId":{"id":"18","parents":[]},"eventTime":1788716064579,"message":"Compiling semana02 (50%)","total":28,"progress":50,"dataKind":"compile-progress","data":{"target":{"uri":"file:/C:/Users/csama/OneDrive/Escritorio/Lenguaje%20de%20Programacion/Jonathan_chipana/semana02/#semana02/Compile"}}})[0m
[0m[[0m[0mdebug[0m] [0m[0mjsonRpcNotify: JsonRpcNotificationMessage(2.0, build/taskProgress, {"taskId":{"id":"18","parents":[]},"eventTime":1788716064579,"message":"Compiling semana02 (50%)","total":28,"progress":50,"dataKind":"compile-progress","data":{"target":{"uri":"file:/C:/Users/csama/OneDrive/Escritorio/Lenguaje%20de%20Programacion/Jonathan_chipana/semana02/#semana02/Compile"}}})[0m
[0m[[0m[0mdebug[0m] [0m[0mjsonRpcNotify: JsonRpcNotificationMessage(2.0, build/taskProgress, {"taskId":{"id":"18","parents":[]},"eventTime":1788716064591,"message":"Compiling semana02 (60%)","total":28,"progress":60,"dataKind":"compile-progress","data":{"target":{"uri":"file:/C:/Users/csama/OneDrive/Escritorio/Lenguaje%20de%20Programacion/Jonathan_chipana/semana02/#semana02/Compile"}}})[0m
[0m[[0m[0mdebug[0m] [0m[0mjsonRpcNotify: JsonRpcNotificationMessage(2.0, build/taskProgress, {"taskId":{"id":"18","parents":[]},"eventTime":1788716064591,"message":"Compiling semana02 (60%)","total":28,"progress":60,"dataKind":"compile-progress","data":{"target":{"uri":"file:/C:/Users/csama/OneDrive/Escritorio/Lenguaje%20de%20Programacion/Jonathan_chipana/semana02/#semana02/Compile"}}})[0m
[0m[[0m[0mdebug[0m] [0m[0mjsonRpcNotify: JsonRpcNotificationMessage(2.0, build/taskProgress, {"taskId":{"id":"18","parents":[]},"eventTime":1788716064592,"message":"Compiling semana02 (65%)","total":26,"progress":65,"dataKind":"compile-progress","data":{"target":{"uri":"file:/C:/Users/csama/OneDrive/Escritorio/Lenguaje%20de%20Programacion/Jonathan_chipana/semana02/#semana02/Compile"}}})[0m
[0m[[0m[0mdebug[0m] [0m[0mjsonRpcNotify: JsonRpcNotificationMessage(2.0, build/taskProgress, {"taskId":{"id":"18","parents":[]},"eventTime":1788716064687,"message":"Compiling semana02 (80%)","total":25,"progress":80,"dataKind":"compile-progress","data":{"target":{"uri":"file:/C:/Users/csama/OneDrive/Escritorio/Lenguaje%20de%20Programacion/Jonathan_chipana/semana02/#semana02/Compile"}}})[0m
[0m[[0m[0mdebug[0m] [0m[0mjsonRpcNotify: JsonRpcNotificationMessage(2.0, build/taskProgress, {"taskId":{"id":"18","parents":[]},"eventTime":1788716064687,"message":"Compiling semana02 (80%)","total":25,"progress":80,"dataKind":"compile-progress","data":{"target":{"uri":"file:/C:/Users/csama/OneDrive/Escritorio/Lenguaje%20de%20Programacion/Jonathan_chipana/semana02/#semana02/Compile"}}})[0m
[0m[[0m[0mdebug[0m] [0m[0mjsonRpcNotify: JsonRpcNotificationMessage(2.0, build/taskProgress, {"taskId":{"id":"18","parents":[]},"eventTime":1788716064961,"message":"Compiling semana02 (100%)","total":25,"progress":100,"dataKind":"compile-progress","data":{"target":{"uri":"file:/C:/Users/csama/OneDrive/Escritorio/Lenguaje%20de%20Programacion/Jonathan_chipana/semana02/#semana02/Compile"}}})[0m
[0m[[0m[33mwarn[0m] [0m[0mthere was 1 deprecation warning; re-run with -deprecation for details[0m
[0m[[0m[0mdebug[0m] [0m[0mjsonRpcNotify: JsonRpcNotificationMessage(2.0, build/logMessage, {"type":2,"message":"there was 1 deprecation warning; re-run with -deprecation for details"})[0m
[0m[[0m[33mwarn[0m] [0m[0mone warning found[0m
[0m[[0m[0mdebug[0m] [0m[0mjsonRpcNotify: JsonRpcNotificationMessage(2.0, build/logMessage, {"type":2,"message":"one warning found"})[0m
[0m[[0m[0mdebug[0m] [0m[0mjsonRpcNotify: JsonRpcNotificationMessage(2.0, build/publishDiagnostics, {"textDocument":{"uri":"file:///C:/Users/csama/OneDrive/Escritorio/Lenguaje%20de%20Programacion/Jonathan_chipana/semana02/grados.scala"},"buildTarget":{"uri":"file:/C:/Users/csama/OneDrive/Escritorio/Lenguaje%20de%20Programacion/Jonathan_chipana/semana02/#semana02/Compile"},"diagnostics":[],"reset":true})[0m
[0m[[0m[0mdebug[0m] [0m[0mjsonRpcNotify: JsonRpcNotificationMessage(2.0, build/taskFinish, {"taskId":{"id":"18","parents":[]},"eventTime":1788716065123,"message":"Compiled semana02","status":1,"dataKind":"compile-report","data":{"target":{"uri":"file:/C:/Users/csama/OneDrive/Escritorio/Lenguaje%20de%20Programacion/Jonathan_chipana/semana02/#semana02/Compile"},"errors":0,"warnings":0,"time":759,"noOp":false}})[0m
[0m[[0m[0mdebug[0m] [0m[0mjsonRpcNotify: JsonRpcNotificationMessage(2.0, sbt/clientJob, {"runInfo":{"jvm":true,"jvmRunInfo":{"args":[],"classpath":[{"path":"file:///C:/Users/csama/OneDrive/Escritorio/Lenguaje%20de%20Programacion/Jonathan_chipana/semana02/target/bg-jobs/sbt_8ea4d41b/job-6/target/4ac740bc/b5c121b9/semana02_3-0.1.0-SNAPSHOT.jar","digest":""},{"path":"file:///C:/Users/csama/OneDrive/Escritorio/Lenguaje%20de%20Programacion/Jonathan_chipana/semana02/target/bg-jobs/sbt_8ea4d41b/target/0a50f640/d4993a22/scala3-library_3-3.8.4.jar","digest":""},{"path":"file:///C:/Users/csama/OneDrive/Escritorio/Lenguaje%20de%20Programacion/Jonathan_chipana/semana02/target/bg-jobs/sbt_8ea4d41b/target/74ef04ed/97ac0ce1/scala-library.jar","digest":""}],"mainClass":"grados","connectInput":true,"javaHome":"file:///C:/Program%20Files/Java/jdk-24","workingDirectory":"file:///C:/Users/csama/OneDrive/Escritorio/Lenguaje%20de%20Programacion/Jonathan_chipana/semana02","jvmOptions":[],"environmentVariables":{},"inputs":[],"outputs":[]},"windowTitle":"sbt run: default % semana02 % 0.1.0-SNAPSHOT"}})[0m
[0m[[0m[0mdebug[0m] [0m[0m> Exec(sbtCompleteExec 3a471b54-88ad-4c57-8b9c-9c0c2b64562a, None, None)[0m
[0m[[0m[0mdebug[0m] [0m[0m> Exec(resumeFromFailure, None, None)[0m
[0m[[0m[0mdebug[0m] [0m[0m> Exec(sbtPopOnFailure, None, None)[0m
[0m[[0m[0mdebug[0m] [0m[0m> Exec(sbtReportResult 3a471b54-88ad-4c57-8b9c-9c0c2b64562a, Some(3a471b54-88ad-4c57-8b9c-9c0c2b64562a), Some(CommandSource(network-3)))[0m
[0m[[0m[0mdebug[0m] [0m[0munmatched Processing event for requestId Some(3a471b54-88ad-4c57-8b9c-9c0c2b64562a): None[0m
[0m[[0m[0mdebug[0m] [0m[0munmatched json response for requestId Some(3a471b54-88ad-4c57-8b9c-9c0c2b64562a): {"status":"Done","channelName":"network-3","execId":"3a471b54-88ad-4c57-8b9c-9c0c2b64562a","commandQueue":["shell"],"exitCode":0}[0m
[0m[[0m[0mdebug[0m] [0m[0m> Exec(shell, None, None)[0m
[0m[[0m[0mdebug[0m] [0m[0mjsonRpcRequest: JsonRpcRequestMessage(2.0, 94945e3b-6a3e-46cd-bbfe-f232b76623d4, sbt/getTerminalAttributes, {}})[0m
[0m[[0m[0mdebug[0m] [0m[0mjsonRpcRequest: JsonRpcRequestMessage(2.0, c16acd4f-987f-4de3-b0f6-26712babc58b, sbt/terminalPropertiesQuery, ""})[0m
[0m[[0m[0mdebug[0m] [0m[0mjsonRpcRequest: JsonRpcRequestMessage(2.0, 6a178931-5248-4902-bf1f-311fe864f4f2, sbt/terminalSetRawMode, {"toggle":true}})[0m
[0m[[0m[0mdebug[0m] [0m[0mjsonRpcRequest: JsonRpcRequestMessage(2.0, c13c7a35-5db9-4b99-8c7d-6ec54a75260f, sbt/getTerminalAttributes, {}})[0m
[0m[[0m[0mdebug[0m] [0m[0mjsonRpcNotify: JsonRpcNotificationMessage(2.0, sbt/readSystemIn, "")[0m
[0m[[0m[0mdebug[0m] [0m[0mForcing garbage collection...[0m
[0m[[0m[0mdebug[0m] [0m[0mjsonRpcRequest: JsonRpcRequestMessage(2.0, 3f7b3293-1cf8-436b-9761-f6840fc4c483, sbt/terminalPropertiesQuery, ""})[0m
[0m[[0m[0mdebug[0m] [0m[0mjsonRpcNotify: JsonRpcNotificationMessage(2.0, sbt/readSystemIn, "")[0m
[0m[[0m[0mdebug[0m] [0m[0mjsonRpcNotify: JsonRpcNotificationMessage(2.0, sbt/readSystemIn, "")[0m
[0m[[0m[0mdebug[0m] [0m[0mjsonRpcRequest: JsonRpcRequestMessage(2.0, 9f6c09be-7f2f-4aba-9e33-b0a9a1a48b39, sbt/terminalSetRawMode, {"toggle":false}})[0m
[0m[[0m[0mdebug[0m] [0m[0mjsonRpcNotify: JsonRpcNotificationMessage(2.0, shutdown, [false,null])[0m
