[0m[[0m[0mdebug[0m] [0m[0m> Exec(sbtStashOnFailure, None, None)[0m
[0m[[0m[0mdebug[0m] [0m[0m> Exec(sbtMapExec d41f7b18-06ec-44c0-8628-b8a20982225c __fae417fb-73f9-4924-ade6-92a081135811, None, None)[0m
[0m[[0m[0mdebug[0m] [0m[0m> Exec(run, Some(__fae417fb-73f9-4924-ade6-92a081135811), Some(CommandSource(network-1)))[0m
[0m[[0m[0mdebug[0m] [0m[0munmatched Processing event for requestId Some(__fae417fb-73f9-4924-ade6-92a081135811): None[0m
[0m[[0m[0mdebug[0m] [0m[0mEvaluating tasks: Compile / run[0m
[0m[[0m[0mdebug[0m] [0m[0mRunning task... Cancel: Signal, check cycles: false, forcegc: true[0m
[0m[[0m[0mdebug[0m] [0m[0mjsonRpcRequest: JsonRpcRequestMessage(2.0, 13a6e04b-f445-4651-8825-36563f46de55, sbt/terminalPropertiesQuery, ""})[0m
[0m[[0m[0mdebug[0m] [0m[0mjsonRpcNotify: JsonRpcNotificationMessage(2.0, build/taskStart, {"taskId":{"id":"1","parents":[]},"eventTime":1788728351550,"message":"Compiling semana02","dataKind":"compile-task","data":{"target":{"uri":"file:/C:/Users/csama/OneDrive/Escritorio/Lenguaje%20de%20Programacion/Jonathan_chipana/semana02/#semana02/Compile"}}})[0m
[0m[[0m[0minfo[0m] [0m[0mcompiling 1 Scala source to C:\Users\csama\OneDrive\Escritorio\Lenguaje de Programacion\Jonathan_chipana\semana02\target\out\jvm\scala-3.8.4\semana02\classes ...[0m
[0m[[0m[0mdebug[0m] [0m[0mjsonRpcNotify: JsonRpcNotificationMessage(2.0, build/logMessage, {"type":3,"message":"compiling 1 Scala source to C:\\Users\\csama\\OneDrive\\Escritorio\\Lenguaje de Programacion\\Jonathan_chipana\\semana02\\target\\out\\jvm\\scala-3.8.4\\semana02\\classes ..."})[0m
[0m[[0m[0mdebug[0m] [0m[0mjsonRpcRequest: JsonRpcRequestMessage(2.0, feeaec15-964c-4a43-bd06-1e8c50c00254, sbt/terminalPropertiesQuery, ""})[0m
[0m[[0m[0mdebug[0m] [0m[0mjsonRpcRequest: JsonRpcRequestMessage(2.0, b3d8004d-86ed-41fa-a92c-4800c3fbf48e, sbt/terminalPropertiesQuery, ""})[0m
[0m[[0m[0mdebug[0m] [0m[0mjsonRpcRequest: JsonRpcRequestMessage(2.0, b7c9d2cd-8e1a-4bbf-b8e8-3140770a671a, sbt/terminalPropertiesQuery, ""})[0m
[0m[[0m[0mdebug[0m] [0m[0mjsonRpcNotify: JsonRpcNotificationMessage(2.0, build/taskProgress, {"taskId":{"id":"1","parents":[]},"eventTime":1788728356585,"message":"Compiling semana02 (10%)","total":30,"progress":10,"dataKind":"compile-progress","data":{"target":{"uri":"file:/C:/Users/csama/OneDrive/Escritorio/Lenguaje%20de%20Programacion/Jonathan_chipana/semana02/#semana02/Compile"}}})[0m
[0m[[0m[0mdebug[0m] [0m[0mjsonRpcNotify: JsonRpcNotificationMessage(2.0, build/taskProgress, {"taskId":{"id":"1","parents":[]},"eventTime":1788728356587,"message":"Compiling semana02 (10%)","total":30,"progress":10,"dataKind":"compile-progress","data":{"target":{"uri":"file:/C:/Users/csama/OneDrive/Escritorio/Lenguaje%20de%20Programacion/Jonathan_chipana/semana02/#semana02/Compile"}}})[0m
[0m[[0m[0mdebug[0m] [0m[0mjsonRpcNotify: JsonRpcNotificationMessage(2.0, build/taskProgress, {"taskId":{"id":"1","parents":[]},"eventTime":1788728356611,"message":"Compiling semana02 (20%)","total":30,"progress":20,"dataKind":"compile-progress","data":{"target":{"uri":"file:/C:/Users/csama/OneDrive/Escritorio/Lenguaje%20de%20Programacion/Jonathan_chipana/semana02/#semana02/Compile"}}})[0m
[0m[[0m[0mdebug[0m] [0m[0mjsonRpcNotify: JsonRpcNotificationMessage(2.0, build/taskProgress, {"taskId":{"id":"1","parents":[]},"eventTime":1788728356612,"message":"Compiling semana02 (20%)","total":30,"progress":20,"dataKind":"compile-progress","data":{"target":{"uri":"file:/C:/Users/csama/OneDrive/Escritorio/Lenguaje%20de%20Programacion/Jonathan_chipana/semana02/#semana02/Compile"}}})[0m
[0m[[0m[0mdebug[0m] [0m[0mjsonRpcNotify: JsonRpcNotificationMessage(2.0, build/taskProgress, {"taskId":{"id":"1","parents":[]},"eventTime":1788728356612,"message":"Compiling semana02 (20%)","total":29,"progress":20,"dataKind":"compile-progress","data":{"target":{"uri":"file:/C:/Users/csama/OneDrive/Escritorio/Lenguaje%20de%20Programacion/Jonathan_chipana/semana02/#semana02/Compile"}}})[0m
[0m[[0m[0mdebug[0m] [0m[0mjsonRpcNotify: JsonRpcNotificationMessage(2.0, build/taskProgress, {"taskId":{"id":"1","parents":[]},"eventTime":1788728356839,"message":"Compiling semana02 (35%)","total":28,"progress":35,"dataKind":"compile-progress","data":{"target":{"uri":"file:/C:/Users/csama/OneDrive/Escritorio/Lenguaje%20de%20Programacion/Jonathan_chipana/semana02/#semana02/Compile"}}})[0m
[0m[[0m[0mdebug[0m] [0m[0mjsonRpcNotify: JsonRpcNotificationMessage(2.0, build/taskProgress, {"taskId":{"id":"1","parents":[]},"eventTime":1788728356842,"message":"Compiling semana02 (35%)","total":28,"progress":35,"dataKind":"compile-progress","data":{"target":{"uri":"file:/C:/Users/csama/OneDrive/Escritorio/Lenguaje%20de%20Programacion/Jonathan_chipana/semana02/#semana02/Compile"}}})[0m
[0m[[0m[0mdebug[0m] [0m[0mjsonRpcNotify: JsonRpcNotificationMessage(2.0, build/taskProgress, {"taskId":{"id":"1","parents":[]},"eventTime":1788728356856,"message":"Compiling semana02 (50%)","total":28,"progress":50,"dataKind":"compile-progress","data":{"target":{"uri":"file:/C:/Users/csama/OneDrive/Escritorio/Lenguaje%20de%20Programacion/Jonathan_chipana/semana02/#semana02/Compile"}}})[0m
[0m[[0m[0mdebug[0m] [0m[0mjsonRpcNotify: JsonRpcNotificationMessage(2.0, build/taskProgress, {"taskId":{"id":"1","parents":[]},"eventTime":1788728356857,"message":"Compiling semana02 (50%)","total":28,"progress":50,"dataKind":"compile-progress","data":{"target":{"uri":"file:/C:/Users/csama/OneDrive/Escritorio/Lenguaje%20de%20Programacion/Jonathan_chipana/semana02/#semana02/Compile"}}})[0m
[0m[[0m[0mdebug[0m] [0m[0mjsonRpcNotify: JsonRpcNotificationMessage(2.0, build/taskProgress, {"taskId":{"id":"1","parents":[]},"eventTime":1788728357024,"message":"Compiling semana02 (60%)","total":28,"progress":60,"dataKind":"compile-progress","data":{"target":{"uri":"file:/C:/Users/csama/OneDrive/Escritorio/Lenguaje%20de%20Programacion/Jonathan_chipana/semana02/#semana02/Compile"}}})[0m
[0m[[0m[0mdebug[0m] [0m[0mjsonRpcNotify: JsonRpcNotificationMessage(2.0, build/taskProgress, {"taskId":{"id":"1","parents":[]},"eventTime":1788728357025,"message":"Compiling semana02 (60%)","total":28,"progress":60,"dataKind":"compile-progress","data":{"target":{"uri":"file:/C:/Users/csama/OneDrive/Escritorio/Lenguaje%20de%20Programacion/Jonathan_chipana/semana02/#semana02/Compile"}}})[0m
[0m[[0m[0mdebug[0m] [0m[0mjsonRpcNotify: JsonRpcNotificationMessage(2.0, build/taskProgress, {"taskId":{"id":"1","parents":[]},"eventTime":1788728357026,"message":"Compiling semana02 (65%)","total":26,"progress":65,"dataKind":"compile-progress","data":{"target":{"uri":"file:/C:/Users/csama/OneDrive/Escritorio/Lenguaje%20de%20Programacion/Jonathan_chipana/semana02/#semana02/Compile"}}})[0m
[0m[[0m[0mdebug[0m] [0m[0mjsonRpcNotify: JsonRpcNotificationMessage(2.0, build/taskProgress, {"taskId":{"id":"1","parents":[]},"eventTime":1788728357418,"message":"Compiling semana02 (80%)","total":25,"progress":80,"dataKind":"compile-progress","data":{"target":{"uri":"file:/C:/Users/csama/OneDrive/Escritorio/Lenguaje%20de%20Programacion/Jonathan_chipana/semana02/#semana02/Compile"}}})[0m
[0m[[0m[0mdebug[0m] [0m[0mjsonRpcNotify: JsonRpcNotificationMessage(2.0, build/taskProgress, {"taskId":{"id":"1","parents":[]},"eventTime":1788728357419,"message":"Compiling semana02 (80%)","total":25,"progress":80,"dataKind":"compile-progress","data":{"target":{"uri":"file:/C:/Users/csama/OneDrive/Escritorio/Lenguaje%20de%20Programacion/Jonathan_chipana/semana02/#semana02/Compile"}}})[0m
[0m[[0m[0mdebug[0m] [0m[0mjsonRpcRequest: JsonRpcRequestMessage(2.0, 6ed515cc-76ea-4113-9010-8b82b6ec19f6, sbt/terminalPropertiesQuery, ""})[0m
[0m[[0m[0mdebug[0m] [0m[0mjsonRpcNotify: JsonRpcNotificationMessage(2.0, build/taskProgress, {"taskId":{"id":"1","parents":[]},"eventTime":1788728358597,"message":"Compiling semana02 (100%)","total":25,"progress":100,"dataKind":"compile-progress","data":{"target":{"uri":"file:/C:/Users/csama/OneDrive/Escritorio/Lenguaje%20de%20Programacion/Jonathan_chipana/semana02/#semana02/Compile"}}})[0m
[0m[[0m[33mwarn[0m] [0m[0mthere was 1 deprecation warning; re-run with -deprecation for details[0m
[0m[[0m[0mdebug[0m] [0m[0mjsonRpcNotify: JsonRpcNotificationMessage(2.0, build/logMessage, {"type":2,"message":"there was 1 deprecation warning; re-run with -deprecation for details"})[0m
[0m[[0m[33mwarn[0m] [0m[0mone warning found[0m
[0m[[0m[0mdebug[0m] [0m[0mjsonRpcNotify: JsonRpcNotificationMessage(2.0, build/logMessage, {"type":2,"message":"one warning found"})[0m
[0m[[0m[0mdebug[0m] [0m[0mjsonRpcNotify: JsonRpcNotificationMessage(2.0, build/publishDiagnostics, {"textDocument":{"uri":"file:///C:/Users/csama/OneDrive/Escritorio/Lenguaje%20de%20Programacion/Jonathan_chipana/semana02/grados.scala"},"buildTarget":{"uri":"file:/C:/Users/csama/OneDrive/Escritorio/Lenguaje%20de%20Programacion/Jonathan_chipana/semana02/#semana02/Compile"},"diagnostics":[],"reset":true})[0m
[0m[[0m[0mdebug[0m] [0m[0mjsonRpcNotify: JsonRpcNotificationMessage(2.0, build/taskFinish, {"taskId":{"id":"1","parents":[]},"eventTime":1788728358975,"message":"Compiled semana02","status":1,"dataKind":"compile-report","data":{"target":{"uri":"file:/C:/Users/csama/OneDrive/Escritorio/Lenguaje%20de%20Programacion/Jonathan_chipana/semana02/#semana02/Compile"},"errors":0,"warnings":0,"time":7425,"noOp":false}})[0m
[0m[[0m[0mdebug[0m] [0m[0mjsonRpcRequest: JsonRpcRequestMessage(2.0, 29d8d402-4c7f-43aa-9435-9e0d65c8e864, sbt/terminalPropertiesQuery, ""})[0m
[0m[[0m[0mdebug[0m] [0m[0mjsonRpcNotify: JsonRpcNotificationMessage(2.0, sbt/clientJob, {"runInfo":{"jvm":true,"jvmRunInfo":{"args":[],"classpath":[{"path":"file:///C:/Users/csama/OneDrive/Escritorio/Lenguaje%20de%20Programacion/Jonathan_chipana/semana02/target/bg-jobs/sbt_c460bf12/job-1/target/4ac740bc/31389981/semana02_3-0.1.0-SNAPSHOT.jar","digest":""},{"path":"file:///C:/Users/csama/OneDrive/Escritorio/Lenguaje%20de%20Programacion/Jonathan_chipana/semana02/target/bg-jobs/sbt_c460bf12/target/0a50f640/d4993a22/scala3-library_3-3.8.4.jar","digest":""},{"path":"file:///C:/Users/csama/OneDrive/Escritorio/Lenguaje%20de%20Programacion/Jonathan_chipana/semana02/target/bg-jobs/sbt_c460bf12/target/74ef04ed/97ac0ce1/scala-library.jar","digest":""}],"mainClass":"grados","connectInput":true,"javaHome":"file:///C:/Program%20Files/Java/jdk-24","workingDirectory":"file:///C:/Users/csama/OneDrive/Escritorio/Lenguaje%20de%20Programacion/Jonathan_chipana/semana02","jvmOptions":[],"environmentVariables":{},"inputs":[],"outputs":[]},"windowTitle":"sbt run: default % semana02 % 0.1.0-SNAPSHOT"}})[0m
[0m[[0m[0mdebug[0m] [0m[0m> Exec(sbtCompleteExec d41f7b18-06ec-44c0-8628-b8a20982225c, None, None)[0m
[0m[[0m[0mdebug[0m] [0m[0m> Exec(resumeFromFailure, None, None)[0m
[0m[[0m[0mdebug[0m] [0m[0m> Exec(sbtPopOnFailure, None, None)[0m
[0m[[0m[0mdebug[0m] [0m[0m> Exec(sbtReportResult d41f7b18-06ec-44c0-8628-b8a20982225c, Some(d41f7b18-06ec-44c0-8628-b8a20982225c), Some(CommandSource(network-1)))[0m
[0m[[0m[0mdebug[0m] [0m[0munmatched Processing event for requestId Some(d41f7b18-06ec-44c0-8628-b8a20982225c): None[0m
[0m[[0m[0mdebug[0m] [0m[0munmatched json response for requestId Some(d41f7b18-06ec-44c0-8628-b8a20982225c): {"status":"Done","channelName":"network-1","execId":"d41f7b18-06ec-44c0-8628-b8a20982225c","commandQueue":["shell"],"exitCode":0}[0m
[0m[[0m[0mdebug[0m] [0m[0m> Exec(shell, None, None)[0m
[0m[[0m[0mdebug[0m] [0m[0mjsonRpcRequest: JsonRpcRequestMessage(2.0, 40f7555d-bb34-450f-af9d-7de08b8f1611, sbt/getTerminalAttributes, {}})[0m
[0m[[0m[0mdebug[0m] [0m[0mjsonRpcRequest: JsonRpcRequestMessage(2.0, 8f3aef0b-8801-4c3d-8885-59cbbffba021, sbt/terminalPropertiesQuery, ""})[0m
[0m[[0m[0mdebug[0m] [0m[0mjsonRpcRequest: JsonRpcRequestMessage(2.0, bb2e5ca4-263a-4b38-9323-440f17d22656, sbt/terminalSetRawMode, {"toggle":true}})[0m
[0m[[0m[0mdebug[0m] [0m[0mjsonRpcRequest: JsonRpcRequestMessage(2.0, 301e63cf-7fd4-4814-8ed1-13dec4db1f68, sbt/getTerminalAttributes, {}})[0m
[0m[[0m[0mdebug[0m] [0m[0mjsonRpcNotify: JsonRpcNotificationMessage(2.0, sbt/readSystemIn, "")[0m
[0m[[0m[0mdebug[0m] [0m[0mjsonRpcNotify: JsonRpcNotificationMessage(2.0, sbt/readSystemIn, "")[0m
[0m[[0m[0mdebug[0m] [0m[0mjsonRpcNotify: JsonRpcNotificationMessage(2.0, sbt/readSystemIn, "")[0m
[0m[[0m[0mdebug[0m] [0m[0mjsonRpcRequest: JsonRpcRequestMessage(2.0, 1b391fb4-6c2d-4361-9b9e-fb8dee910d15, sbt/terminalCapabilities, {"string":"bell"}})[0m
[0m[[0m[0mdebug[0m] [0m[0mjsonRpcNotify: JsonRpcNotificationMessage(2.0, sbt/readSystemIn, "")[0m
[0m[[0m[0mdebug[0m] [0m[0mjsonRpcRequest: JsonRpcRequestMessage(2.0, c7a58a3b-a8a8-43c4-8fac-524f18a0e6bf, sbt/terminalSetRawMode, {"toggle":false}})[0m
